2025-10-08 23:18:17.082 [info] [main] Log level: Info
2025-10-08 23:18:17.082 [info] [main] Validating found git in: "git"
2025-10-08 23:18:17.082 [info] [main] Using git "2.51.0" from "git"
2025-10-08 23:18:17.082 [info] [Model][doInitialScan] Initial repository scan started
2025-10-08 23:18:17.082 [info] > git rev-parse --show-toplevel [2ms]
2025-10-08 23:18:17.082 [info] fatal: not a git repository (or any of the parent directories): .git
2025-10-08 23:18:17.082 [info] > git rev-parse --show-toplevel [2ms]
2025-10-08 23:18:17.082 [info] fatal: not a git repository (or any of the parent directories): .git
2025-10-08 23:18:17.082 [info] [Model][doInitialScan] Initial repository scan completed - repositories (0), closed repositories (0), parent repositories (0), unsafe repositories (0)
2025-10-08 23:18:17.564 [info] > git rev-parse --show-toplevel [6ms]
2025-10-08 23:18:17.565 [info] fatal: not a git repository (or any of the parent directories): .git
2025-10-08 23:18:17.576 [info] > git rev-parse --show-toplevel [2ms]
2025-10-08 23:18:17.576 [info] fatal: not a git repository (or any of the parent directories): .git
2025-10-08 23:18:17.712 [info] > git rev-parse --show-toplevel [132ms]
2025-10-08 23:18:17.712 [info] fatal: not a git repository (or any of the parent directories): .git
2025-10-08 23:18:17.753 [info] > git rev-parse --show-toplevel [3ms]
2025-10-08 23:18:17.753 [info] fatal: not a git repository (or any of the parent directories): .git
2025-10-08 23:18:17.816 [info] > git rev-parse --show-toplevel [49ms]
2025-10-08 23:18:17.816 [info] fatal: not a git repository (or any of the parent directories): .git
2025-10-08 23:18:18.080 [info] > git rev-parse --show-toplevel [16ms]
2025-10-08 23:18:18.080 [info] fatal: not a git repository (or any of the parent directories): .git
