2025-10-08 23:32:49.920 [info] [main] Log level: Info
2025-10-08 23:32:49.920 [info] [main] Validating found git in: "git"
2025-10-08 23:32:49.920 [info] [main] Using git "2.51.0" from "git"
2025-10-08 23:32:49.920 [info] [Model][doInitialScan] Initial repository scan started
2025-10-08 23:32:49.920 [info] > git rev-parse --show-toplevel [6ms]
2025-10-08 23:32:49.920 [info] fatal: not a git repository (or any of the parent directories): .git
2025-10-08 23:32:49.920 [info] > git rev-parse --show-toplevel [4ms]
2025-10-08 23:32:49.920 [info] fatal: not a git repository (or any of the parent directories): .git
2025-10-08 23:32:49.920 [info] [Model][doInitialScan] Initial repository scan completed - repositories (0), closed repositories (0), parent repositories (0), unsafe repositories (0)
2025-10-08 23:32:50.419 [info] > git rev-parse --show-toplevel [5ms]
2025-10-08 23:32:50.419 [info] fatal: not a git repository (or any of the parent directories): .git
2025-10-08 23:32:50.425 [info] > git rev-parse --show-toplevel [3ms]
2025-10-08 23:32:50.425 [info] fatal: not a git repository (or any of the parent directories): .git
2025-10-08 23:32:50.782 [info] > git rev-parse --show-toplevel [49ms]
2025-10-08 23:32:50.782 [info] fatal: not a git repository (or any of the parent directories): .git
2025-10-08 23:40:49.513 [info] > git rev-parse --show-toplevel [3ms]
2025-10-08 23:40:49.513 [info] fatal: not a git repository (or any of the parent directories): .git
2025-10-08 23:41:25.075 [info] > git rev-parse --show-toplevel [2ms]
2025-10-08 23:41:25.075 [info] fatal: not a git repository (or any of the parent directories): .git
2025-10-08 23:42:41.439 [info] > git rev-parse --show-toplevel [1ms]
2025-10-08 23:42:41.439 [info] fatal: not a git repository (or any of the parent directories): .git
2025-10-08 23:43:24.061 [info] > git rev-parse --show-toplevel [1ms]
2025-10-08 23:43:24.061 [info] fatal: not a git repository (or any of the parent directories): .git
2025-10-08 23:46:45.425 [info] > git rev-parse --show-toplevel [1ms]
2025-10-08 23:46:45.425 [info] fatal: not a git repository (or any of the parent directories): .git
2025-10-08 23:47:00.689 [info] > git rev-parse --show-toplevel [1ms]
2025-10-08 23:47:00.689 [info] fatal: not a git repository (or any of the parent directories): .git
2025-10-08 23:47:30.954 [info] > git rev-parse --show-toplevel [2ms]
2025-10-08 23:47:30.954 [info] fatal: not a git repository (or any of the parent directories): .git
2025-10-08 23:47:44.805 [info] > git rev-parse --show-toplevel [1ms]
2025-10-08 23:47:44.806 [info] fatal: not a git repository (or any of the parent directories): .git
